
Search tree should be written to the default file "searchtree.c"
Output written to "searchtree.c".

Search tree should be written to a custom file "myctrl.c"
Output written to "myctrl.c".
