Using an LTI model...
WARNING: no state constraints defined, problem can be badly scaled...

The controller will return deltaU=u(k)-u(k-1) instead of u(k) when evaluated!
================================================================================
WARNING: offset-free tracking cannot be guaranteed with probStruct.tracking=2 !
================================================================================

Using an LTI model...
WARNING: no state constraints defined, problem can be badly scaled...

State vector will have the format x = [x0; u(k-1); reference].
Using an LTI model...
WARNING: no state constraints defined, problem can be badly scaled...

================================================================================
WARNING: offset-free tracking cannot be guaranteed with probStruct.tracking=2 !
================================================================================

State vector will have the format x = [x0; reference].
Using an LTI model...
WARNING: no state constraints defined, problem can be badly scaled...

WARNING: Closed-loop stability not guaranteed for penalties on outputs.
Using an LTI model...
WARNING: no state constraints defined, problem can be badly scaled...

The controller will return deltaU=u(k)-u(k-1) instead of u(k) when evaluated!
WARNING: Closed-loop stability not guaranteed for penalties on outputs.
================================================================================
WARNING: offset-free tracking cannot be guaranteed with probStruct.tracking=2 !
================================================================================

Using an LTI model...
WARNING: no state constraints defined, problem can be badly scaled...

State vector will have the format x = [x0; u(k-1); reference].
Using an LTI model...
WARNING: no state constraints defined, problem can be badly scaled...
WARNING: Closed-loop stability not guaranteed for penalties on outputs.

================================================================================
WARNING: offset-free tracking cannot be guaranteed with probStruct.tracking=2 !
================================================================================

State vector will have the format x = [x0; reference].
Using an LTI model...
WARNING: no state constraints defined, problem can be badly scaled...
WARNING: Closed-loop stability not guaranteed for penalties on outputs.
