Adding stabilizing target set constraint...
Using an LTI model...
WARNING: no state constraints defined, problem can be badly scaled...

Adding stabilizing target set constraint...
Using an LTI model...
WARNING: no state constraints defined, problem can be badly scaled...

The controller will return deltaU=u(k)-u(k-1) instead of u(k) when evaluated!
Adding stabilizing target set constraint...
Using an LTI model...
WARNING: no state constraints defined, problem can be badly scaled...

State vector will have the format x = [x0; u(k-1)].
Adding stabilizing target set constraint...
Using an LTI model...
WARNING: no state constraints defined, problem can be badly scaled...
