
The controller can be simplified:
   ctrl = mpt_simplify(ctrl)  will reduce number of regions.
