computing extreme points
computing hull
computing extreme points
computing hull