
ans =

     5     1


ans =

     5     1


ans =

     5     1


ans =

     5     1


ans =

     5     1
     