PROJECTION: ESP failed, trying mplp-based method...
PROJECTION: mplp-based method failed, trying Fourier-Motzkin (mex version, fast)...
