No terminal weight "probStruct.P_N" specified... closed-loop stability will not be guaranteed
mpt_mpqp: 5 regions
-> Generated 1 partition.
Solution consists of 5 regions
