This problem should be infeasible from the begining:

mpt_mpqp:  Infeasible optimization problem from the begining