Degeneracy should be indicated:

mpt_mpqp: Degeneracy
mpt_mpqp: 1 regions