Performing verification based on reachable sets...
Horizon 5	
Performing verification based on reachable sets...
Horizon 5	Horizon 10	Horizon 15	
