Iteration 1       
Iteration Number 1
Iteration 1       
Options.maxCtr = 2
Iteration Number 1
Iteration 1       
Maximum number of iterations reached without convergence! Increase value of Options.maxCtr
Iteration 1    
