
Solution consists of 1 regions

Eliminating redundant control laws
Law 1/1        

Extracting hyperplanes
Removing linear dependent hyperplanes


Algorithm finished at iteration 0
