Performing verification based on reachable sets...
Horizon 5	Horizon 10	Horizon 15	Horizon 20	Horizon 25	
Horizon 30	Horizon 35	Horizon 40	Horizon 45	Horizon 50	
Horizon 55	
Performing verification based on reachable sets...
Horizon 5	Horizon 10	Horizon 15	Horizon 20
