Iteration Number 1
Iteration 1       
Iteration Number 1
Iteration 1       
Volume difference (10.56 %) below tolerance (20.00 %), aborting computation...
