Verbosity enabled:
Iteration Number 1
Iteration Number 2
Iteration Number 3


Verbosity should be disabled by default:


---------------------------
