Performing verification based on a feasibility LP/MILP...
Performing verification based on a feasibility LP/MILP...
Performing verification based on a feasibility LP/MILP...
Performing verification based on a feasibility LP/MILP...
Performing verification based on a feasibility LP/MILP...
Performing verification based on a feasibility LP/MILP...
Performing verification based on a feasibility LP/MILP...
Performing verification based on a feasibility LP/MILP...
