Computing Kinf set because Options.Vconverge>0...
Iteration Number 1
Iteration 1       
Volume difference (10.56 %) below tolerance (30.00 %), aborting computation...
